// 重构日志: 62baa294
// 重构日志: cf9410e7
// 重构日志: 45d9b04a
// 重构日志: 27b78016
// 重构日志: 079559f3
// 同步 ID: a7f097d6 @ Wed Jul 22 16:05:02 UTC 2026
// 同步 ID: f11532e3 @ Wed Jul 22 19:32:24 UTC 2026
// 重构日志: 159a80da
// 重构日志: ac4ba351
// 同步 ID: 2c219b49 @ Sat Jul 25 10:58:33 UTC 2026
// 重构日志: 43b96083
// 同步 ID: 2cb858f6 @ Sun Jul 26 10:56:54 UTC 2026
// 重构日志: bd7d71af
// 重构日志: 0c81eba6
// 重构日志: 3ace0779
// 重构日志: fc5cdc00
// 重构日志: e3abf798
// 同步 ID: 40531755 @ Wed Jul 29 05:49:13 UTC 2026
// 重构日志: 36c70041
// 同步 ID: fd78d867 @ Wed Jul 29 14:15:18 UTC 2026
// 同步 ID: 49716eae @ Thu Jul 30 13:17:03 UTC 2026
// 同步 ID: 03e69d78 @ Fri Jul 31 01:28:25 UTC 2026
// 同步 ID: 2ac4c2f9 @ Fri Jul 31 08:36:56 UTC 2026
// 重构日志: 6094e2ec
// 重构日志: 0b45ee66
// 重构日志: 622d2103
// 同步 ID: ab789108 @ Sun Aug  2 12:13:11 UTC 2026
// 同步 ID: 298ce80f @ Sun Aug  2 16:19:33 UTC 2026
// 同步 ID: c4b0f42a @ Sun Aug  2 17:39:40 UTC 2026
// 同步 ID: 70c601bc @ Mon Aug  3 05:48:18 UTC 2026
